180.76.15.29 - - [01/Apr/2018:07:01:16 +0300] "GET /assets/frontend/css/cash-flow.css?1521823341 HTTP/1.1" 200 726 "-" "Mozilla/5.0 (compatible; Baiduspider/2.0; +http://www.baidu.com/search/spider.html)"
141.136.86.56 - - [01/Apr/2018:07:01:53 +0300] "GET / HTTP/1.0" 200 4113 "-" "Mozilla/5.0 (Windows NT 10.0; Win64; x64) AppleWebKit/537.36 (KHTML, like Gecko) Chrome/65.0.3325.181 Safari/537.36"
141.136.86.56 - - [01/Apr/2018:07:01:54 +0300] "GET //assets/frontend/css/owl.carousel.css HTTP/1.1" 200 1395 "http://gkeysystems.com/" "Mozilla/5.0 (Windows NT 10.0; Win64; x64) AppleWebKit/537.36 (KHTML, like Gecko) Chrome/65.0.3325.181 Safari/537.36"
141.136.86.56 - - [01/Apr/2018:07:01:54 +0300] "GET //assets/frontend/css/reset.css HTTP/1.1" 200 619 "http://gkeysystems.com/" "Mozilla/5.0 (Windows NT 10.0; Win64; x64) AppleWebKit/537.36 (KHTML, like Gecko) Chrome/65.0.3325.181 Safari/537.36"
141.136.86.56 - - [01/Apr/2018:07:01:54 +0300] "GET //assets/frontend/css/style.css?1522555313 HTTP/1.1" 200 6196 "http://gkeysystems.com/" "Mozilla/5.0 (Windows NT 10.0; Win64; x64) AppleWebKit/537.36 (KHTML, like Gecko) Chrome/65.0.3325.181 Safari/537.36"
141.136.86.56 - - [01/Apr/2018:07:01:54 +0300] "GET //assets/frontend/css/cash-flow.css?1522555313 HTTP/1.1" 200 726 "http://gkeysystems.com/" "Mozilla/5.0 (Windows NT 10.0; Win64; x64) AppleWebKit/537.36 (KHTML, like Gecko) Chrome/65.0.3325.181 Safari/537.36"
141.136.86.56 - - [01/Apr/2018:07:01:54 +0300] "GET //assets/frontend/css/bootstrap-datetimepicker.css HTTP/1.1" 200 1651 "http://gkeysystems.com/" "Mozilla/5.0 (Windows NT 10.0; Win64; x64) AppleWebKit/537.36 (KHTML, like Gecko) Chrome/65.0.3325.181 Safari/537.36"
141.136.86.56 - - [01/Apr/2018:07:01:54 +0300] "GET //assets/frontend/js/moment.js HTTP/1.1" 200 40255 "http://gkeysystems.com/" "Mozilla/5.0 (Windows NT 10.0; Win64; x64) AppleWebKit/537.36 (KHTML, like Gecko) Chrome/65.0.3325.181 Safari/537.36"
141.136.86.56 - - [01/Apr/2018:07:01:54 +0300] "GET //assets/frontend/js/modernizr.js HTTP/1.1" 200 6709 "http://gkeysystems.com/" "Mozilla/5.0 (Windows NT 10.0; Win64; x64) AppleWebKit/537.36 (KHTML, like Gecko) Chrome/65.0.3325.181 Safari/537.36"
141.136.86.56 - - [01/Apr/2018:07:01:54 +0300] "GET //assets/frontend/js/bootstrap-datetimepicker.js HTTP/1.1" 200 20825 "http://gkeysystems.com/" "Mozilla/5.0 (Windows NT 10.0; Win64; x64) AppleWebKit/537.36 (KHTML, like Gecko) Chrome/65.0.3325.181 Safari/537.36"
141.136.86.56 - - [01/Apr/2018:07:01:54 +0300] "GET //assets/frontend/js/owl.carousel.min.js HTTP/1.1" 200 12774 "http://gkeysystems.com/" "Mozilla/5.0 (Windows NT 10.0; Win64; x64) AppleWebKit/537.36 (KHTML, like Gecko) Chrome/65.0.3325.181 Safari/537.36"
141.136.86.56 - - [01/Apr/2018:07:01:54 +0300] "GET //assets/frontend/js/woco.accordion.min.js HTTP/1.1" 200 614 "http://gkeysystems.com/" "Mozilla/5.0 (Windows NT 10.0; Win64; x64) AppleWebKit/537.36 (KHTML, like Gecko) Chrome/65.0.3325.181 Safari/537.36"
141.136.86.56 - - [01/Apr/2018:07:01:54 +0300] "GET /assets/frontend/js/tableExport.js HTTP/1.1" 200 2999 "http://gkeysystems.com/" "Mozilla/5.0 (Windows NT 10.0; Win64; x64) AppleWebKit/537.36 (KHTML, like Gecko) Chrome/65.0.3325.181 Safari/537.36"
141.136.86.56 - - [01/Apr/2018:07:01:54 +0300] "GET /assets/frontend/js/jquery.base64.js HTTP/1.1" 200 2388 "http://gkeysystems.com/" "Mozilla/5.0 (Windows NT 10.0; Win64; x64) AppleWebKit/537.36 (KHTML, like Gecko) Chrome/65.0.3325.181 Safari/537.36"
141.136.86.56 - - [01/Apr/2018:07:01:54 +0300] "GET /assets/frontend/js/jspdf/libs/sprintf.js HTTP/1.1" 200 2048 "http://gkeysystems.com/" "Mozilla/5.0 (Windows NT 10.0; Win64; x64) AppleWebKit/537.36 (KHTML, like Gecko) Chrome/65.0.3325.181 Safari/537.36"
141.136.86.56 - - [01/Apr/2018:07:01:54 +0300] "GET /assets/frontend/js/jspdf/jspdf.js HTTP/1.1" 200 2697 "http://gkeysystems.com/" "Mozilla/5.0 (Windows NT 10.0; Win64; x64) AppleWebKit/537.36 (KHTML, like Gecko) Chrome/65.0.3325.181 Safari/537.36"
141.136.86.56 - - [01/Apr/2018:07:01:54 +0300] "GET //assets/frontend/js/main.js HTTP/1.1" 200 2743 "http://gkeysystems.com/" "Mozilla/5.0 (Windows NT 10.0; Win64; x64) AppleWebKit/537.36 (KHTML, like Gecko) Chrome/65.0.3325.181 Safari/537.36"
141.136.86.56 - - [01/Apr/2018:07:01:54 +0300] "GET /assets/frontend/js/jspdf/libs/base64.js HTTP/1.1" 200 1061 "http://gkeysystems.com/" "Mozilla/5.0 (Windows NT 10.0; Win64; x64) AppleWebKit/537.36 (KHTML, like Gecko) Chrome/65.0.3325.181 Safari/537.36"
141.136.86.56 - - [01/Apr/2018:07:01:54 +0300] "GET //assets/frontend/img/cd-logo.png HTTP/1.1" 200 5280 "http://gkeysystems.com/" "Mozilla/5.0 (Windows NT 10.0; Win64; x64) AppleWebKit/537.36 (KHTML, like Gecko) Chrome/65.0.3325.181 Safari/537.36"
141.136.86.56 - - [01/Apr/2018:07:01:54 +0300] "GET //assets/frontend/img/arrow-down.png HTTP/1.1" 200 2219 "http://gkeysystems.com/" "Mozilla/5.0 (Windows NT 10.0; Win64; x64) AppleWebKit/537.36 (KHTML, like Gecko) Chrome/65.0.3325.181 Safari/537.36"
141.136.86.56 - - [01/Apr/2018:07:01:54 +0300] "GET //assets/frontend/img/login-arrow.svg HTTP/1.1" 200 1350 "http://gkeysystems.com/" "Mozilla/5.0 (Windows NT 10.0; Win64; x64) AppleWebKit/537.36 (KHTML, like Gecko) Chrome/65.0.3325.181 Safari/537.36"
141.136.86.56 - - [01/Apr/2018:07:01:54 +0300] "GET //assets/frontend/img/cd-icon-close.svg HTTP/1.1" 200 696 "http://gkeysystems.com//assets/frontend/css/style.css?1522555313" "Mozilla/5.0 (Windows NT 10.0; Win64; x64) AppleWebKit/537.36 (KHTML, like Gecko) Chrome/65.0.3325.181 Safari/537.36"
141.136.86.56 - - [01/Apr/2018:07:01:55 +0300] "GET /favicon.ico HTTP/1.0" 404 832 "http://gkeysystems.com/" "Mozilla/5.0 (Windows NT 10.0; Win64; x64) AppleWebKit/537.36 (KHTML, like Gecko) Chrome/65.0.3325.181 Safari/537.36"
141.136.86.56 - - [01/Apr/2018:07:02:03 +0300] "GET /bindex HTTP/1.0" 200 9713 "-" "Mozilla/5.0 (Windows NT 10.0; Win64; x64) AppleWebKit/537.36 (KHTML, like Gecko) Chrome/65.0.3325.181 Safari/537.36"
141.136.86.56 - - [01/Apr/2018:07:02:03 +0300] "GET /assets/unicom/css/ionicons.min.css HTTP/1.1" 200 10164 "http://gkeysystems.com/bindex" "Mozilla/5.0 (Windows NT 10.0; Win64; x64) AppleWebKit/537.36 (KHTML, like Gecko) Chrome/65.0.3325.181 Safari/537.36"
141.136.86.56 - - [01/Apr/2018:07:02:03 +0300] "GET /assets/unicom/css/jquery.scrollbar.css HTTP/1.1" 200 934 "http://gkeysystems.com/bindex" "Mozilla/5.0 (Windows NT 10.0; Win64; x64) AppleWebKit/537.36 (KHTML, like Gecko) Chrome/65.0.3325.181 Safari/537.36"
141.136.86.56 - - [01/Apr/2018:07:02:03 +0300] "GET /assets/unicom/css/slick.css HTTP/1.1" 200 611 "http://gkeysystems.com/bindex" "Mozilla/5.0 (Windows NT 10.0; Win64; x64) AppleWebKit/537.36 (KHTML, like Gecko) Chrome/65.0.3325.181 Safari/537.36"
141.136.86.56 - - [01/Apr/2018:07:02:03 +0300] "GET /assets/unicom/css/slick-theme.css HTTP/1.1" 200 1013 "http://gkeysystems.com/bindex" "Mozilla/5.0 (Windows NT 10.0; Win64; x64) AppleWebKit/537.36 (KHTML, like Gecko) Chrome/65.0.3325.181 Safari/537.36"
141.136.86.56 - - [01/Apr/2018:07:02:03 +0300] "GET /assets/unicom/css/jquery.fancybox.css HTTP/1.1" 200 1639 "http://gkeysystems.com/bindex" "Mozilla/5.0 (Windows NT 10.0; Win64; x64) AppleWebKit/537.36 (KHTML, like Gecko) Chrome/65.0.3325.181 Safari/537.36"
141.136.86.56 - - [01/Apr/2018:07:02:03 +0300] "GET /assets/unicom/css/bootstrap.min.css HTTP/1.1" 200 22961 "http://gkeysystems.com/bindex" "Mozilla/5.0 (Windows NT 10.0; Win64; x64) AppleWebKit/537.36 (KHTML, like Gecko) Chrome/65.0.3325.181 Safari/537.36"
141.136.86.56 - - [01/Apr/2018:07:02:03 +0300] "GET /assets/unicom/css/animate.min.css HTTP/1.1" 200 5498 "http://gkeysystems.com/bindex" "Mozilla/5.0 (Windows NT 10.0; Win64; x64) AppleWebKit/537.36 (KHTML, like Gecko) Chrome/65.0.3325.181 Safari/537.36"
141.136.86.56 - - [01/Apr/2018:07:02:03 +0300] "GET /assets/unicom/css/style_from_old.css HTTP/1.1" 200 2836 "http://gkeysystems.com/bindex" "Mozilla/5.0 (Windows NT 10.0; Win64; x64) AppleWebKit/537.36 (KHTML, like Gecko) Chrome/65.0.3325.181 Safari/537.36"
141.136.86.56 - - [01/Apr/2018:07:02:03 +0300] "GET /assets/unicom/css/colors/blue/color.css HTTP/1.1" 200 3599 "http://gkeysystems.com/bindex" "Mozilla/5.0 (Windows NT 10.0; Win64; x64) AppleWebKit/537.36 (KHTML, like Gecko) Chrome/65.0.3325.181 Safari/537.36"
141.136.86.56 - - [01/Apr/2018:07:02:03 +0300] "GET /assets/unicom/css/style.css HTTP/1.1" 200 66221 "http://gkeysystems.com/bindex" "Mozilla/5.0 (Windows NT 10.0; Win64; x64) AppleWebKit/537.36 (KHTML, like Gecko) Chrome/65.0.3325.181 Safari/537.36"
141.136.86.56 - - [01/Apr/2018:07:02:03 +0300] "GET /assets/unicom/js/jquery-migrate-1.4.1.min.js HTTP/1.1" 200 4319 "http://gkeysystems.com/bindex" "Mozilla/5.0 (Windows NT 10.0; Win64; x64) AppleWebKit/537.36 (KHTML, like Gecko) Chrome/65.0.3325.181 Safari/537.36"
141.136.86.56 - - [01/Apr/2018:07:02:03 +0300] "GET /assets/unicom/js/jquery.easing.min.js HTTP/1.1" 200 2009 "http://gkeysystems.com/bindex" "Mozilla/5.0 (Windows NT 10.0; Win64; x64) AppleWebKit/537.36 (KHTML, like Gecko) Chrome/65.0.3325.181 Safari/537.36"
141.136.86.56 - - [01/Apr/2018:07:02:03 +0300] "GET /assets/unicom/js/jquery.plugin.min.js HTTP/1.1" 200 1450 "http://gkeysystems.com/bindex" "Mozilla/5.0 (Windows NT 10.0; Win64; x64) AppleWebKit/537.36 (KHTML, like Gecko) Chrome/65.0.3325.181 Safari/537.36"
141.136.86.56 - - [01/Apr/2018:07:02:03 +0300] "GET /assets/unicom/js/bootstrap.min.js HTTP/1.1" 200 12023 "http://gkeysystems.com/bindex" "Mozilla/5.0 (Windows NT 10.0; Win64; x64) AppleWebKit/537.36 (KHTML, like Gecko) Chrome/65.0.3325.181 Safari/537.36"
141.136.86.56 - - [01/Apr/2018:07:02:03 +0300] "GET /assets/unicom/js/response.min.js HTTP/1.1" 200 4002 "http://gkeysystems.com/bindex" "Mozilla/5.0 (Windows NT 10.0; Win64; x64) AppleWebKit/537.36 (KHTML, like Gecko) Chrome/65.0.3325.181 Safari/537.36"
141.136.86.56 - - [01/Apr/2018:07:02:03 +0300] "GET /assets/unicom/js/waypoints.min.js HTTP/1.1" 200 2882 "http://gkeysystems.com/bindex" "Mozilla/5.0 (Windows NT 10.0; Win64; x64) AppleWebKit/537.36 (KHTML, like Gecko) Chrome/65.0.3325.181 Safari/537.36"
141.136.86.56 - - [01/Apr/2018:07:02:03 +0300] "GET /assets/unicom/js/jquery.scroll-with-ease.js HTTP/1.1" 200 2815 "http://gkeysystems.com/bindex" "Mozilla/5.0 (Windows NT 10.0; Win64; x64) AppleWebKit/537.36 (KHTML, like Gecko) Chrome/65.0.3325.181 Safari/537.36"
141.136.86.56 - - [01/Apr/2018:07:02:03 +0300] "GET /assets/unicom/js/jquery.placeholder.min.js HTTP/1.1" 200 1194 "http://gkeysystems.com/bindex" "Mozilla/5.0 (Windows NT 10.0; Win64; x64) AppleWebKit/537.36 (KHTML, like Gecko) Chrome/65.0.3325.181 Safari/537.36"
141.136.86.56 - - [01/Apr/2018:07:02:03 +0300] "GET /assets/unicom/js/jquery.fitvids.js HTTP/1.1" 200 1374 "http://gkeysystems.com/bindex" "Mozilla/5.0 (Windows NT 10.0; Win64; x64) AppleWebKit/537.36 (KHTML, like Gecko) Chrome/65.0.3325.181 Safari/537.36"
141.136.86.56 - - [01/Apr/2018:07:02:03 +0300] "GET /assets/unicom/js/jquery.mousewheel-3.0.6.pack.js HTTP/1.1" 200 736 "http://gkeysystems.com/bindex" "Mozilla/5.0 (Windows NT 10.0; Win64; x64) AppleWebKit/537.36 (KHTML, like Gecko) Chrome/65.0.3325.181 Safari/537.36"
141.136.86.56 - - [01/Apr/2018:07:02:03 +0300] "GET /assets/unicom/js/parallax.min.js HTTP/1.1" 200 2298 "http://gkeysystems.com/bindex" "Mozilla/5.0 (Windows NT 10.0; Win64; x64) AppleWebKit/537.36 (KHTML, like Gecko) Chrome/65.0.3325.181 Safari/537.36"
141.136.86.56 - - [01/Apr/2018:07:02:03 +0300] "GET /assets/unicom/js/jquery.scrollbar.min.js HTTP/1.1" 200 4532 "http://gkeysystems.com/bindex" "Mozilla/5.0 (Windows NT 10.0; Win64; x64) AppleWebKit/537.36 (KHTML, like Gecko) Chrome/65.0.3325.181 Safari/537.36"
141.136.86.56 - - [01/Apr/2018:07:02:03 +0300] "GET /assets/unicom/js/isotope.pkgd.min.js HTTP/1.1" 200 13278 "http://gkeysystems.com/bindex" "Mozilla/5.0 (Windows NT 10.0; Win64; x64) AppleWebKit/537.36 (KHTML, like Gecko) Chrome/65.0.3325.181 Safari/537.36"
141.136.86.56 - - [01/Apr/2018:07:02:03 +0300] "GET /assets/unicom/fonts/ionicons28b5.ttf?v=2.0.0 HTTP/1.0" 200 188743 "http://gkeysystems.com/assets/unicom/css/ionicons.min.css" "Mozilla/5.0 (Windows NT 10.0; Win64; x64) AppleWebKit/537.36 (KHTML, like Gecko) Chrome/65.0.3325.181 Safari/537.36"
141.136.86.56 - - [01/Apr/2018:07:02:03 +0300] "GET /assets/unicom/js/slick.min.js HTTP/1.1" 200 12567 "http://gkeysystems.com/bindex" "Mozilla/5.0 (Windows NT 10.0; Win64; x64) AppleWebKit/537.36 (KHTML, like Gecko) Chrome/65.0.3325.181 Safari/537.36"
141.136.86.56 - - [01/Apr/2018:07:02:03 +0300] "GET /assets/unicom/js/jquery.fancybox-media.js HTTP/1.1" 200 2143 "http://gkeysystems.com/bindex" "Mozilla/5.0 (Windows NT 10.0; Win64; x64) AppleWebKit/537.36 (KHTML, like Gecko) Chrome/65.0.3325.181 Safari/537.36"
141.136.86.56 - - [01/Apr/2018:07:02:03 +0300] "GET /assets/unicom/js/jquery.fancybox.pack.js HTTP/1.1" 200 9705 "http://gkeysystems.com/bindex" "Mozilla/5.0 (Windows NT 10.0; Win64; x64) AppleWebKit/537.36 (KHTML, like Gecko) Chrome/65.0.3325.181 Safari/537.36"
141.136.86.56 - - [01/Apr/2018:07:02:03 +0300] "GET /assets/unicom/js/jquery.counterup.min.js HTTP/1.1" 200 597 "http://gkeysystems.com/bindex" "Mozilla/5.0 (Windows NT 10.0; Win64; x64) AppleWebKit/537.36 (KHTML, like Gecko) Chrome/65.0.3325.181 Safari/537.36"
141.136.86.56 - - [01/Apr/2018:07:02:03 +0300] "GET /assets/unicom/js/jquery.countdown.min.js HTTP/1.1" 200 5021 "http://gkeysystems.com/bindex" "Mozilla/5.0 (Windows NT 10.0; Win64; x64) AppleWebKit/537.36 (KHTML, like Gecko) Chrome/65.0.3325.181 Safari/537.36"
141.136.86.56 - - [01/Apr/2018:07:02:03 +0300] "GET /assets/unicom/js/script.js HTTP/1.1" 200 7561 "http://gkeysystems.com/bindex" "Mozilla/5.0 (Windows NT 10.0; Win64; x64) AppleWebKit/537.36 (KHTML, like Gecko) Chrome/65.0.3325.181 Safari/537.36"
141.136.86.56 - - [01/Apr/2018:07:02:03 +0300] "GET /assets/unicom/js/gmaps.js HTTP/1.1" 200 14238 "http://gkeysystems.com/bindex" "Mozilla/5.0 (Windows NT 10.0; Win64; x64) AppleWebKit/537.36 (KHTML, like Gecko) Chrome/65.0.3325.181 Safari/537.36"
141.136.86.56 - - [01/Apr/2018:07:02:03 +0300] "GET /assets/unicom/js/menuspy.js HTTP/1.1" 200 1975 "http://gkeysystems.com/bindex" "Mozilla/5.0 (Windows NT 10.0; Win64; x64) AppleWebKit/537.36 (KHTML, like Gecko) Chrome/65.0.3325.181 Safari/537.36"
141.136.86.56 - - [01/Apr/2018:07:02:04 +0300] "GET /assets/frontend/js/main.js HTTP/1.1" 200 2743 "http://gkeysystems.com/bindex" "Mozilla/5.0 (Windows NT 10.0; Win64; x64) AppleWebKit/537.36 (KHTML, like Gecko) Chrome/65.0.3325.181 Safari/537.36"
141.136.86.56 - - [01/Apr/2018:07:02:04 +0300] "GET /assets/unicom/images/gk_white_trans_logo.png HTTP/1.1" 200 15654 "http://gkeysystems.com/bindex" "Mozilla/5.0 (Windows NT 10.0; Win64; x64) AppleWebKit/537.36 (KHTML, like Gecko) Chrome/65.0.3325.181 Safari/537.36"
141.136.86.56 - - [01/Apr/2018:07:02:04 +0300] "GET /assets/unicom/images/content/vis_mis_val/vision.jpg HTTP/1.1" 200 40360 "http://gkeysystems.com/bindex" "Mozilla/5.0 (Windows NT 10.0; Win64; x64) AppleWebKit/537.36 (KHTML, like Gecko) Chrome/65.0.3325.181 Safari/537.36"
141.136.86.56 - - [01/Apr/2018:07:02:04 +0300] "GET /assets/unicom/images/gk_white_blue_logo.png HTTP/1.1" 200 72917 "http://gkeysystems.com/bindex" "Mozilla/5.0 (Windows NT 10.0; Win64; x64) AppleWebKit/537.36 (KHTML, like Gecko) Chrome/65.0.3325.181 Safari/537.36"
141.136.86.56 - - [01/Apr/2018:07:02:04 +0300] "GET /assets/unicom/images/content/landing/education/2.jpg HTTP/1.1" 200 90605 "http://gkeysystems.com/bindex" "Mozilla/5.0 (Windows NT 10.0; Win64; x64) AppleWebKit/537.36 (KHTML, like Gecko) Chrome/65.0.3325.181 Safari/537.36"
141.136.86.56 - - [01/Apr/2018:07:02:04 +0300] "GET /assets/unicom/images/content/vis_mis_val/mission.jpg HTTP/1.1" 200 73113 "http://gkeysystems.com/bindex" "Mozilla/5.0 (Windows NT 10.0; Win64; x64) AppleWebKit/537.36 (KHTML, like Gecko) Chrome/65.0.3325.181 Safari/537.36"
141.136.86.56 - - [01/Apr/2018:07:02:04 +0300] "GET /assets/unicom/images/content/vis_mis_val/values_man_arrow.jpg HTTP/1.1" 200 66692 "http://gkeysystems.com/bindex" "Mozilla/5.0 (Windows NT 10.0; Win64; x64) AppleWebKit/537.36 (KHTML, like Gecko) Chrome/65.0.3325.181 Safari/537.36"
141.136.86.56 - - [01/Apr/2018:07:02:04 +0300] "GET /assets/unicom/images/content/clients/webex_logo_dark.png HTTP/1.1" 200 5976 "http://gkeysystems.com/bindex" "Mozilla/5.0 (Windows NT 10.0; Win64; x64) AppleWebKit/537.36 (KHTML, like Gecko) Chrome/65.0.3325.181 Safari/537.36"
141.136.86.56 - - [01/Apr/2018:07:02:04 +0300] "GET /assets/unicom/images/content/clients/coding_game_dark.png HTTP/1.1" 200 12487 "http://gkeysystems.com/bindex" "Mozilla/5.0 (Windows NT 10.0; Win64; x64) AppleWebKit/537.36 (KHTML, like Gecko) Chrome/65.0.3325.181 Safari/537.36"
141.136.86.56 - - [01/Apr/2018:07:02:04 +0300] "GET /assets/unicom/images/content/clients/symotec_logo_dark.png HTTP/1.1" 200 11760 "http://gkeysystems.com/bindex" "Mozilla/5.0 (Windows NT 10.0; Win64; x64) AppleWebKit/537.36 (KHTML, like Gecko) Chrome/65.0.3325.181 Safari/537.36"
141.136.86.56 - - [01/Apr/2018:07:02:04 +0300] "GET /assets/unicom/images/content/clients/marco_logo_dark.png HTTP/1.1" 200 19319 "http://gkeysystems.com/bindex" "Mozilla/5.0 (Windows NT 10.0; Win64; x64) AppleWebKit/537.36 (KHTML, like Gecko) Chrome/65.0.3325.181 Safari/537.36"
141.136.86.56 - - [01/Apr/2018:07:02:04 +0300] "GET /assets/unicom/images/content/clients/marinetrans_logo_dark.png HTTP/1.1" 200 9666 "http://gkeysystems.com/bindex" "Mozilla/5.0 (Windows NT 10.0; Win64; x64) AppleWebKit/537.36 (KHTML, like Gecko) Chrome/65.0.3325.181 Safari/537.36"
141.136.86.56 - - [01/Apr/2018:07:02:04 +0300] "GET /assets/unicom/images/content/clients/prolife_logo_dark.png HTTP/1.1" 200 15045 "http://gkeysystems.com/bindex" "Mozilla/5.0 (Windows NT 10.0; Win64; x64) AppleWebKit/537.36 (KHTML, like Gecko) Chrome/65.0.3325.181 Safari/537.36"
141.136.86.56 - - [01/Apr/2018:07:02:04 +0300] "GET /assets/unicom/images/content/clients/john.png HTTP/1.1" 200 31504 "http://gkeysystems.com/bindex" "Mozilla/5.0 (Windows NT 10.0; Win64; x64) AppleWebKit/537.36 (KHTML, like Gecko) Chrome/65.0.3325.181 Safari/537.36"
141.136.86.56 - - [01/Apr/2018:07:02:04 +0300] "GET /assets/unicom/images/content/clients/360logo_dark.png HTTP/1.1" 200 17598 "http://gkeysystems.com/bindex" "Mozilla/5.0 (Windows NT 10.0; Win64; x64) AppleWebKit/537.36 (KHTML, like Gecko) Chrome/65.0.3325.181 Safari/537.36"
141.136.86.56 - - [01/Apr/2018:07:02:04 +0300] "GET /assets/unicom/images/content/clients/mush_logo_dark.png HTTP/1.1" 200 11916 "http://gkeysystems.com/bindex" "Mozilla/5.0 (Windows NT 10.0; Win64; x64) AppleWebKit/537.36 (KHTML, like Gecko) Chrome/65.0.3325.181 Safari/537.36"
141.136.86.56 - - [01/Apr/2018:07:02:04 +0300] "GET /assets/unicom/images/content/clients/sun_logo_dark.png HTTP/1.1" 200 8860 "http://gkeysystems.com/bindex" "Mozilla/5.0 (Windows NT 10.0; Win64; x64) AppleWebKit/537.36 (KHTML, like Gecko) Chrome/65.0.3325.181 Safari/537.36"
141.136.86.56 - - [01/Apr/2018:07:02:04 +0300] "GET /assets/unicom/images/content/clients/smart_prod_logo_dark.png HTTP/1.1" 200 12997 "http://gkeysystems.com/bindex" "Mozilla/5.0 (Windows NT 10.0; Win64; x64) AppleWebKit/537.36 (KHTML, like Gecko) Chrome/65.0.3325.181 Safari/537.36"
141.136.86.56 - - [01/Apr/2018:07:02:04 +0300] "GET /assets/frontend/img/cd-icon-close.svg HTTP/1.1" 200 696 "http://gkeysystems.com/assets/unicom/css/style_from_old.css" "Mozilla/5.0 (Windows NT 10.0; Win64; x64) AppleWebKit/537.36 (KHTML, like Gecko) Chrome/65.0.3325.181 Safari/537.36"
141.136.86.56 - - [01/Apr/2018:07:02:04 +0300] "GET /assets/unicom/images/loader.gif HTTP/1.1" 200 3349 "http://gkeysystems.com/assets/unicom/css/slick-theme.css" "Mozilla/5.0 (Windows NT 10.0; Win64; x64) AppleWebKit/537.36 (KHTML, like Gecko) Chrome/65.0.3325.181 Safari/537.36"
141.136.86.56 - - [01/Apr/2018:07:02:04 +0300] "GET /assets/unicom/images/content/sliders/7.jpg HTTP/1.1" 200 241231 "http://gkeysystems.com/bindex" "Mozilla/5.0 (Windows NT 10.0; Win64; x64) AppleWebKit/537.36 (KHTML, like Gecko) Chrome/65.0.3325.181 Safari/537.36"
141.136.86.56 - - [01/Apr/2018:07:02:05 +0300] "GET /assets/unicom/images/gk_for_favicon_oIe_icon.ico HTTP/1.0" 200 1421 "http://gkeysystems.com/bindex" "Mozilla/5.0 (Windows NT 10.0; Win64; x64) AppleWebKit/537.36 (KHTML, like Gecko) Chrome/65.0.3325.181 Safari/537.36"
141.136.86.56 - - [01/Apr/2018:07:03:46 +0300] "GET /assets/unicom/images/fancybox_sprite.png HTTP/1.1" 200 1402 "http://gkeysystems.com/assets/unicom/css/jquery.fancybox.css" "Mozilla/5.0 (Windows NT 10.0; Win64; x64) AppleWebKit/537.36 (KHTML, like Gecko) Chrome/65.0.3325.181 Safari/537.36"
141.136.86.56 - - [01/Apr/2018:07:03:46 +0300] "GET /assets/unicom/images/fancybox_loading.gif HTTP/1.1" 200 4980 "http://gkeysystems.com/assets/unicom/css/jquery.fancybox.css" "Mozilla/5.0 (Windows NT 10.0; Win64; x64) AppleWebKit/537.36 (KHTML, like Gecko) Chrome/65.0.3325.181 Safari/537.36"
141.136.86.56 - - [01/Apr/2018:07:03:46 +0300] "GET /assets/unicom/images/fancybox_overlay.png HTTP/1.1" 200 644 "http://gkeysystems.com/assets/unicom/css/jquery.fancybox.css" "Mozilla/5.0 (Windows NT 10.0; Win64; x64) AppleWebKit/537.36 (KHTML, like Gecko) Chrome/65.0.3325.181 Safari/537.36"
141.136.86.56 - - [01/Apr/2018:07:03:46 +0300] "GET /assets/unicom/video/motivation.mp4?autoplay=1 HTTP/1.0" 200 6746065 "http://gkeysystems.com/bindex" "Mozilla/5.0 (Windows NT 10.0; Win64; x64) AppleWebKit/537.36 (KHTML, like Gecko) Chrome/65.0.3325.181 Safari/537.36"
141.136.86.56 - - [01/Apr/2018:07:03:46 +0300] "GET /assets/unicom/video/motivation.mp4?autoplay=1 HTTP/1.0" 206 6746118 "http://gkeysystems.com/assets/unicom/video/motivation.mp4?autoplay=1" "Mozilla/5.0 (Windows NT 10.0; Win64; x64) AppleWebKit/537.36 (KHTML, like Gecko) Chrome/65.0.3325.181 Safari/537.36"
141.136.86.56 - - [01/Apr/2018:07:03:46 +0300] "GET /assets/unicom/video/motivation.mp4?autoplay=1 HTTP/1.0" 206 225291 "http://gkeysystems.com/assets/unicom/video/motivation.mp4?autoplay=1" "Mozilla/5.0 (Windows NT 10.0; Win64; x64) AppleWebKit/537.36 (KHTML, like Gecko) Chrome/65.0.3325.181 Safari/537.36"
141.136.86.56 - - [01/Apr/2018:07:03:46 +0300] "GET /assets/unicom/video/motivation.mp4?autoplay=1 HTTP/1.0" 206 225291 "http://gkeysystems.com/assets/unicom/video/motivation.mp4?autoplay=1" "Mozilla/5.0 (Windows NT 10.0; Win64; x64) AppleWebKit/537.36 (KHTML, like Gecko) Chrome/65.0.3325.181 Safari/537.36"
141.136.86.56 - - [01/Apr/2018:07:03:47 +0300] "GET /assets/unicom/video/motivation.mp4?autoplay=1 HTTP/1.0" 206 6486421 "http://gkeysystems.com/assets/unicom/video/motivation.mp4?autoplay=1" "Mozilla/5.0 (Windows NT 10.0; Win64; x64) AppleWebKit/537.36 (KHTML, like Gecko) Chrome/65.0.3325.181 Safari/537.36"
141.136.86.56 - - [01/Apr/2018:07:07:18 +0300] "GET /assets/unicom/video/motivation.mp4?autoplay=1 HTTP/1.0" 200 6746065 "-" "Mozilla/5.0 (Windows NT 10.0; Win64; x64) AppleWebKit/537.36 (KHTML, like Gecko) Chrome/65.0.3325.181 Safari/537.36"
141.136.86.56 - - [01/Apr/2018:07:08:38 +0300] "GET /assets/frontend/img/cd-icon-password.svg HTTP/1.1" 200 844 "http://gkeysystems.com/assets/unicom/css/style_from_old.css" "Mozilla/5.0 (Windows NT 10.0; Win64; x64) AppleWebKit/537.36 (KHTML, like Gecko) Chrome/65.0.3325.181 Safari/537.36"
141.136.86.56 - - [01/Apr/2018:07:08:38 +0300] "GET /assets/frontend/img/cd-icon-email.svg HTTP/1.1" 200 828 "http://gkeysystems.com/assets/unicom/css/style_from_old.css" "Mozilla/5.0 (Windows NT 10.0; Win64; x64) AppleWebKit/537.36 (KHTML, like Gecko) Chrome/65.0.3325.181 Safari/537.36"
141.136.86.56 - - [01/Apr/2018:07:10:51 +0300] "POST /home/login HTTP/1.0" 200 934 "http://gkeysystems.com/bindex" "Mozilla/5.0 (Windows NT 10.0; Win64; x64) AppleWebKit/537.36 (KHTML, like Gecko) Chrome/65.0.3325.181 Safari/537.36"
141.136.86.56 - - [01/Apr/2018:07:10:52 +0300] "GET /home/dramarkkhi_sharj HTTP/1.0" 200 43533 "http://gkeysystems.com/bindex" "Mozilla/5.0 (Windows NT 10.0; Win64; x64) AppleWebKit/537.36 (KHTML, like Gecko) Chrome/65.0.3325.181 Safari/537.36"
141.136.86.56 - - [01/Apr/2018:07:10:52 +0300] "GET //assets/frontend/css/style.css?1522555852 HTTP/1.1" 200 6196 "http://gkeysystems.com/home/dramarkkhi_sharj" "Mozilla/5.0 (Windows NT 10.0; Win64; x64) AppleWebKit/537.36 (KHTML, like Gecko) Chrome/65.0.3325.181 Safari/537.36"
141.136.86.56 - - [01/Apr/2018:07:10:52 +0300] "GET //assets/frontend/css/cash-flow.css?1522555852 HTTP/1.1" 200 726 "http://gkeysystems.com/home/dramarkkhi_sharj" "Mozilla/5.0 (Windows NT 10.0; Win64; x64) AppleWebKit/537.36 (KHTML, like Gecko) Chrome/65.0.3325.181 Safari/537.36"
141.136.86.56 - - [01/Apr/2018:07:10:52 +0300] "GET /assets/frontend/img/printer.png HTTP/1.1" 200 279 "http://gkeysystems.com/home/dramarkkhi_sharj" "Mozilla/5.0 (Windows NT 10.0; Win64; x64) AppleWebKit/537.36 (KHTML, like Gecko) Chrome/65.0.3325.181 Safari/537.36"
141.136.86.56 - - [01/Apr/2018:07:10:52 +0300] "GET /assets/frontend/img/excel.png HTTP/1.1" 200 668 "http://gkeysystems.com/home/dramarkkhi_sharj" "Mozilla/5.0 (Windows NT 10.0; Win64; x64) AppleWebKit/537.36 (KHTML, like Gecko) Chrome/65.0.3325.181 Safari/537.36"
141.136.86.56 - - [01/Apr/2018:07:10:52 +0300] "GET /assets/frontend/img/pdf.png HTTP/1.1" 200 843 "http://gkeysystems.com/home/dramarkkhi_sharj" "Mozilla/5.0 (Windows NT 10.0; Win64; x64) AppleWebKit/537.36 (KHTML, like Gecko) Chrome/65.0.3325.181 Safari/537.36"
141.136.86.56 - - [01/Apr/2018:07:10:52 +0300] "GET /assets/frontend/img/email.png HTTP/1.1" 200 1010 "http://gkeysystems.com/home/dramarkkhi_sharj" "Mozilla/5.0 (Windows NT 10.0; Win64; x64) AppleWebKit/537.36 (KHTML, like Gecko) Chrome/65.0.3325.181 Safari/537.36"
141.136.86.56 - - [01/Apr/2018:07:11:03 +0300] "GET /table HTTP/1.0" 200 44513 "-" "Mozilla/5.0 (Windows NT 10.0; Win64; x64) AppleWebKit/537.36 (KHTML, like Gecko) Chrome/65.0.3325.181 Safari/537.36"
141.136.86.56 - - [01/Apr/2018:07:11:04 +0300] "GET /assets/frontend/js/modernizr.js HTTP/1.1" 200 6709 "http://gkeysystems.com/table" "Mozilla/5.0 (Windows NT 10.0; Win64; x64) AppleWebKit/537.36 (KHTML, like Gecko) Chrome/65.0.3325.181 Safari/537.36"
141.136.86.56 - - [01/Apr/2018:07:11:04 +0300] "GET /assets/unicom/css/table.css HTTP/1.1" 200 852 "http://gkeysystems.com/table" "Mozilla/5.0 (Windows NT 10.0; Win64; x64) AppleWebKit/537.36 (KHTML, like Gecko) Chrome/65.0.3325.181 Safari/537.36"
141.136.86.56 - - [01/Apr/2018:07:11:04 +0300] "GET /assets/unicom/images/fancybox_loading@2x.gif HTTP/1.1" 200 11854 "http://gkeysystems.com/table" "Mozilla/5.0 (Windows NT 10.0; Win64; x64) AppleWebKit/537.36 (KHTML, like Gecko) Chrome/65.0.3325.181 Safari/537.36"
141.136.86.56 - - [01/Apr/2018:07:11:04 +0300] "GET /assets/unicom/js/jquery.floatThead.js HTTP/1.1" 200 13561 "http://gkeysystems.com/table" "Mozilla/5.0 (Windows NT 10.0; Win64; x64) AppleWebKit/537.36 (KHTML, like Gecko) Chrome/65.0.3325.181 Safari/537.36"
141.136.86.56 - - [01/Apr/2018:07:11:19 +0300] "GET /table?start_date_pick=2018-03-28&start_date=2018%2F03%2F28&end_date_pick=&end_date=2018%2F03%2F28&warehouse=0&product_service_group=0&product_service=0&partner=0&sort_by=0&kaka= HTTP/1.0" 200 57158 "http://gkeysystems.com/table" "Mozilla/5.0 (Windows NT 10.0; Win64; x64) AppleWebKit/537.36 (KHTML, like Gecko) Chrome/65.0.3325.181 Safari/537.36"
141.136.86.56 - - [01/Apr/2018:07:15:04 +0300] "GET /table?start_date_pick=2018-03-20&start_date=2018%2F03%2F20&end_date_pick=&end_date=2018%2F03%2F20&warehouse=0&product_service_group=%D5%84%D4%B4%D5%96&product_service=0&partner=0&sort_by=0&kaka= HTTP/1.0" 200 58312 "http://gkeysystems.com/table?start_date_pick=2018-03-28&start_date=2018%2F03%2F28&end_date_pick=&end_date=2018%2F03%2F28&warehouse=0&product_service_group=0&product_service=0&partner=0&sort_by=0&kaka=" "Mozilla/5.0 (Windows NT 10.0; Win64; x64) AppleWebKit/537.36 (KHTML, like Gecko) Chrome/65.0.3325.181 Safari/537.36"
109.173.25.162 - - [01/Apr/2018:07:27:20 +0300] "GET /bindex HTTP/1.0" 200 10255 "http://yandex.ru/clck/jsredir?from=yandex.ru%3Bsearch%3Bweb%3B%3B&text=&etext=1744.v9NkBuuYstJyrK9SFA-KwUc4VwAVIXe653sPho-RrPpBanNt3l9zA-yRqOBxNX99.7fed85041542c9aca47e42ea09e4039356e7dc89&uuid=&state=_BLhILn4SxNIvvL0W45KSic66uCIg23qh8iRG98qeIXmeppkgUc0YLeQVNu7TCjFWhspMNrg36Y&data=UlNrNmk5WktYejR0eWJFYk1LdmtxbVk1NTcwM1FvZzBVQ2Z1WjN4R0RaUjZIYlFfNUVibzR4QWJHQVgxNmVNcmRJSDlYaGw4MkxNVTlWR3l2ZGVHQXRZczBZNlJfalVjbXczcE5wSUUzV2c&b64e=2&sign=12d432dd0a354caf54ca09744e7292ef&keyno=0&cst=AiuY0DBWFJ7IXge4WdYJQYpgPUyh7uQlvbtjVp0QecKLIWg-xrkjKEQDxsql1xh_gjM3IiNWTewxNHiERPztNMLutmXxaes6QeiVkObjILGKcy178ezoR4gYhQoXVoVkxdjkuCKU4vdnqf3xWrqaB7tr50zdIfrv&ref=orjY4mGPRjk5boDnW0uvlrrd71vZw9kp5uQozpMtKCX9U1h5sqoIO9dkPB0cJNXvP6eommecGwlMEyhzqbNHB2EVntQvICplftujoIxRqEwSU5taE3Ss7g&l10n=ru&cts=1522552996450&mc=4.57460250186" "Mozilla/4.0 (compatible; MSIE 8.0; Windows NT 6.1; Trident/4.0; SLCC2; .NET CLR 2.0.50727; .NET CLR 3.5.30729; .NET CLR 3.0.30729; Media Center PC 6.0)"
95.221.50.85 - - [01/Apr/2018:07:27:21 +0300] "GET /table HTTP/1.0" 302 893 "http://yandex.ru/clck/jsredir?from=yandex.ru%3Bsearch%3Bweb%3B%3B&text=&etext=1744.iM63AWdd55MlxSCghuEAe36_P36N73J-lFA8PdREIDPndr91kiWWit7Mue_C5RFH.913dfb974c2985586b0bb2c687247d6ef4ecbe5a&uuid=&state=_BLhILn4SxNIvvL0W45KSic66uCIg23qh8iRG98qeIXmeppkgUc0YG-XUIUpxKrkaoPisARVvB8&data=UlNrNmk5WktYejR0eWJFYk1LdmtxbVk1NTcwM1FvZzBVQ2Z1WjN4R0RaUk1fY0xleDIycXZlMFdkY0dmUmdkT1NTeU5uX2dGX3ZNc1M2NF9Hd0drRm8xZ3Q3a1p1Skw4MElJRE1jd1h5Xzg&b64e=2&sign=89c6c62c36fdcd00a82008ab7ac2c0a9&keyno=0&cst=AiuY0DBWFJ7IXge4WdYJQXbYQp9t5VF6-uX_sJ0wBv_2zqUmtkcGHSM4GrPKMMXi2yEK5yCdtzY3mwFSTUEOu59D-TkC516wZR3JIKVlagDkGSbkKA1OsDJY0xSAzX2fZg0goq7Bmo3lvZkFc37xOexNHxiH6CQz&ref=orjY4mGPRjk5boDnW0uvlrrd71vZw9kp5uQozpMtKCVUae-qQRGD2uCvhE5i4l5OBj2rOuVWq1gR5fcPNvQ8fUUR5GJIIX-nEKvC85mvIRohQdmVeMxCmA&l10n=ru&cts=1522552996450&mc=5.68080632127" "Mozilla/4.0 (compatible; MSIE 8.0; Windows NT 6.1; WOW64; Trident/4.0; SLCC2; .NET CLR 2.0.50727; .NET CLR 3.5.30729; .NET CLR 3.0.30729; Media Center PC 6.0; .NET4.0C; .NET4.0E)"
176.193.113.43 - - [01/Apr/2018:07:27:21 +0300] "GET / HTTP/1.0" 200 3575 "http://yandex.ru/clck/jsredir?from=yandex.ru%3Bsearch%3Bweb%3B%3B&text=&etext=1744.iM63AWdd55MlxSCghuEAe36_P36N73J-lFA8PdREIDPndr91kiWWit7Mue_C5RFH.913dfb974c2985586b0bb2c687247d6ef4ecbe5a&uuid=&state=_BLhILn4SxNIvvL0W45KSic66uCIg23qh8iRG98qeIXmeppkgUc0YG-XUIUpxKrkaoPisARVvB8&data=UlNrNmk5WktYejR0eWJFYk1LdmtxbVk1NTcwM1FvZzBVQ2Z1WjN4R0RaUk1fY0xleDIycXZlMFdkY0dmUmdkT1NTeU5uX2dGX3ZNc1M2NF9Hd0drRm8xZ3Q3a1p1Skw4MElJRE1jd1h5Xzg&b64e=2&sign=89c6c62c36fdcd00a82008ab7ac2c0a9&keyno=0&cst=AiuY0DBWFJ7IXge4WdYJQXbYQp9t5VF6-uX_sJ0wBv_2zqUmtkcGHSM4GrPKMMXi2yEK5yCdtzY3mwFSTUEOu59D-TkC516wZR3JIKVlagDkGSbkKA1OsDJY0xSAzX2fZg0goq7Bmo3lvZkFc37xOexNHxiH6CQz&ref=orjY4mGPRjk5boDnW0uvlrrd71vZw9kp5uQozpMtKCVUae-qQRGD2uCvhE5i4l5OBj2rOuVWq1gR5fcPNvQ8fUUR5GJIIX-nEKvC85mvIRohQdmVeMxCmA&l10n=ru&cts=1522552996450&mc=5.68080632127" "Mozilla/4.0 (compatible; MSIE 8.0; Windows NT 6.1; WOW64; Trident/4.0; SLCC2; .NET CLR 2.0.50727; .NET CLR 3.5.30729; .NET CLR 3.0.30729; Media Center PC 6.0; .NET4.0C; .NET4.0E)"
95.221.50.85 - - [01/Apr/2018:07:27:21 +0300] "GET //assets/frontend/css/owl.carousel.css HTTP/1.1" 200 1395 "http://gkeysystems.com/" "Mozilla/4.0 (compatible; MSIE 8.0; Windows NT 6.1; WOW64; Trident/4.0; SLCC2; .NET CLR 2.0.50727; .NET CLR 3.5.30729; .NET CLR 3.0.30729; Media Center PC 6.0; .NET4.0C; .NET4.0E)"
176.193.113.43 - - [01/Apr/2018:07:27:22 +0300] "GET //assets/frontend/js/moment.js HTTP/1.1" 200 40255 "http://gkeysystems.com/" "Mozilla/4.0 (compatible; MSIE 8.0; Windows NT 6.1; WOW64; Trident/4.0; SLCC2; .NET CLR 2.0.50727; .NET CLR 3.5.30729; .NET CLR 3.0.30729; Media Center PC 6.0; .NET4.0C; .NET4.0E)"
176.193.113.43 - - [01/Apr/2018:07:27:22 +0300] "GET //assets/frontend/css/reset.css HTTP/1.1" 200 619 "http://gkeysystems.com/" "Mozilla/4.0 (compatible; MSIE 8.0; Windows NT 6.1; WOW64; Trident/4.0; SLCC2; .NET CLR 2.0.50727; .NET CLR 3.5.30729; .NET CLR 3.0.30729; Media Center PC 6.0; .NET4.0C; .NET4.0E)"
176.193.113.43 - - [01/Apr/2018:07:27:22 +0300] "GET //assets/frontend/css/style.css?1522556841 HTTP/1.1" 200 6196 "http://gkeysystems.com/" "Mozilla/4.0 (compatible; MSIE 8.0; Windows NT 6.1; WOW64; Trident/4.0; SLCC2; .NET CLR 2.0.50727; .NET CLR 3.5.30729; .NET CLR 3.0.30729; Media Center PC 6.0; .NET4.0C; .NET4.0E)"
176.193.113.43 - - [01/Apr/2018:07:27:22 +0300] "GET //assets/frontend/css/cash-flow.css?1522556841 HTTP/1.1" 200 726 "http://gkeysystems.com/" "Mozilla/4.0 (compatible; MSIE 8.0; Windows NT 6.1; WOW64; Trident/4.0; SLCC2; .NET CLR 2.0.50727; .NET CLR 3.5.30729; .NET CLR 3.0.30729; Media Center PC 6.0; .NET4.0C; .NET4.0E)"
176.193.113.43 - - [01/Apr/2018:07:27:22 +0300] "GET //assets/frontend/js/modernizr.js HTTP/1.1" 200 6709 "http://gkeysystems.com/" "Mozilla/4.0 (compatible; MSIE 8.0; Windows NT 6.1; WOW64; Trident/4.0; SLCC2; .NET CLR 2.0.50727; .NET CLR 3.5.30729; .NET CLR 3.0.30729; Media Center PC 6.0; .NET4.0C; .NET4.0E)"
176.193.113.43 - - [01/Apr/2018:07:27:22 +0300] "GET //assets/frontend/css/bootstrap-datetimepicker.css HTTP/1.1" 200 1651 "http://gkeysystems.com/" "Mozilla/4.0 (compatible; MSIE 8.0; Windows NT 6.1; WOW64; Trident/4.0; SLCC2; .NET CLR 2.0.50727; .NET CLR 3.5.30729; .NET CLR 3.0.30729; Media Center PC 6.0; .NET4.0C; .NET4.0E)"
176.193.113.43 - - [01/Apr/2018:07:27:22 +0300] "GET //assets/frontend/js/bootstrap-datetimepicker.js HTTP/1.1" 200 20825 "http://gkeysystems.com/" "Mozilla/4.0 (compatible; MSIE 8.0; Windows NT 6.1; WOW64; Trident/4.0; SLCC2; .NET CLR 2.0.50727; .NET CLR 3.5.30729; .NET CLR 3.0.30729; Media Center PC 6.0; .NET4.0C; .NET4.0E)"
95.221.50.85 - - [01/Apr/2018:07:27:22 +0300] "GET //assets/frontend/js/owl.carousel.min.js HTTP/1.1" 200 12774 "http://gkeysystems.com/" "Mozilla/4.0 (compatible; MSIE 8.0; Windows NT 6.1; WOW64; Trident/4.0; SLCC2; .NET CLR 2.0.50727; .NET CLR 3.5.30729; .NET CLR 3.0.30729; Media Center PC 6.0; .NET4.0C; .NET4.0E)"
176.193.113.43 - - [01/Apr/2018:07:27:22 +0300] "GET //assets/frontend/js/woco.accordion.min.js HTTP/1.1" 200 614 "http://gkeysystems.com/" "Mozilla/4.0 (compatible; MSIE 8.0; Windows NT 6.1; WOW64; Trident/4.0; SLCC2; .NET CLR 2.0.50727; .NET CLR 3.5.30729; .NET CLR 3.0.30729; Media Center PC 6.0; .NET4.0C; .NET4.0E)"
176.193.113.43 - - [01/Apr/2018:07:27:22 +0300] "GET /assets/frontend/js/tableExport.js HTTP/1.1" 200 2999 "http://gkeysystems.com/" "Mozilla/4.0 (compatible; MSIE 8.0; Windows NT 6.1; WOW64; Trident/4.0; SLCC2; .NET CLR 2.0.50727; .NET CLR 3.5.30729; .NET CLR 3.0.30729; Media Center PC 6.0; .NET4.0C; .NET4.0E)"
176.193.113.43 - - [01/Apr/2018:07:27:22 +0300] "GET /assets/frontend/js/jquery.base64.js HTTP/1.1" 200 2388 "http://gkeysystems.com/" "Mozilla/4.0 (compatible; MSIE 8.0; Windows NT 6.1; WOW64; Trident/4.0; SLCC2; .NET CLR 2.0.50727; .NET CLR 3.5.30729; .NET CLR 3.0.30729; Media Center PC 6.0; .NET4.0C; .NET4.0E)"
176.193.113.43 - - [01/Apr/2018:07:27:23 +0300] "GET /assets/frontend/js/jspdf/libs/base64.js HTTP/1.1" 200 1061 "http://gkeysystems.com/" "Mozilla/4.0 (compatible; MSIE 8.0; Windows NT 6.1; WOW64; Trident/4.0; SLCC2; .NET CLR 2.0.50727; .NET CLR 3.5.30729; .NET CLR 3.0.30729; Media Center PC 6.0; .NET4.0C; .NET4.0E)"
95.221.50.85 - - [01/Apr/2018:07:27:23 +0300] "GET //assets/frontend/js/main.js HTTP/1.1" 200 2743 "http://gkeysystems.com/" "Mozilla/4.0 (compatible; MSIE 8.0; Windows NT 6.1; WOW64; Trident/4.0; SLCC2; .NET CLR 2.0.50727; .NET CLR 3.5.30729; .NET CLR 3.0.30729; Media Center PC 6.0; .NET4.0C; .NET4.0E)"
37.144.49.19 - - [01/Apr/2018:07:46:11 +0300] "GET /table?start_date_pick=2018-02-26&start_date=2018/02/26&end_date_pick=&end_date=2018/02/26&warehouse=0&product_service_group=0&product_service=0&partner=0&sort_by=0&kaka= HTTP/1.0" 302 891 "http://yandex.ru/clck/jsredir?from=yandex.ru%3Bsearch%3Bweb%3B%3B&text=&etext=1744.fEON7KFnJaTRTj3Znq7iM7EukIgKzvdCUA_1apx6zQkaet2kKEJfMd0RUpoXcvtS.6ac5467824a861876ff0ad2b1214d464583df910&uuid=&state=_BLhILn4SxNIvvL0W45KSic66uCIg23qh8iRG98qeIXmeppkgUc0YHRNgn3KsbHJbmUkku86_mY&data=UlNrNmk5WktYejR0eWJFYk1LdmtxbVk1NTcwM1FvZzBVQ2Z1WjN4R0RaUk1fY0xleDIycXZZd2ctdVBzMllWMXVtVXYtemRVZmVaNDMzTVY2ZUlBYnNBam9ld2J1S0pDVHBPaVY5ZFlJYmc0a3VYVTBXZjhtQUUtZ1BOTEc0UkMyU3JsUzQtT0pxZ28xWGRmb0RpYXZvYWoxR0tENFhXRDBSRVBpWURmeWhfTjF3RFZ4TGFEdlItU05nQW55c3daUjRweS1NVzA3S183LWcxSFJzTF9OaVZuSjBKSEM4bDJDdzhXenlYSDhtRHFUekxFLWhaT3dEZ0xLazJQcXNLMlZXcENBdkJuV29QaWhRd2dZRWM3aEFqeDN2WGMyZlYwT3N4Z0d2ZDh1SEp4YzNJOXNwWWNVZnBFdHJyQnVaTDdGME1jSUdpZ3c4RzNuRWFpUjc3TlhrTnpXaDdzTmFuVEE1NGU5MXhyWGRfMmQ3RHBiY255eVFDWk9fY0k2ZHRPcmJQN0M4bUdydmc&b64e=2&sign=1006b924929687b361caaf2d851b11a1&keyno=0&cst=AiuY0DBWFJ7IXge4WdYJQSaYtyyri96Fmz4lWPG3n7CGa8_jZeiuu9Puy36E6gD8Uz52rfGc4LBJLeUntbvjREO7WxMq8K-Y-hGpcomQMj6thBXsBsr56mPniFHBcRLyC5-ouswwg8_JSTBI2WYi77sp3oAbIJwv&ref=orjY4mGPRjk5boDnW0uvlrrd71vZw9kp5uQozpMtKCVLVIUOk4qiEIgxdfKXvfxcGg7S69yHARaURyhFJ7fJ1HOa5NrQeIPAFgspe8gbzquXO4Ztrt6xyQ&l10n=ru&cts=1522557025125&mc=4.17023519447" "Mozilla/5.0 (Windows NT 6.1) AppleWebKit/537.36 (KHTML, like Gecko) Chrome/64.0.3282.186 Safari/537.36 OPR/51.0.2830.55 (Edition Yx)"
128.72.251.94 - - [01/Apr/2018:07:46:11 +0300] "GET /bindex HTTP/1.0" 200 10254 "http://yandex.ru/clck/jsredir?from=yandex.ru%3Bsearch%3Bweb%3B%3B&text=&etext=1744.n2EDbX91Ho6TGi5Vk-Ht_XJvKKIL_kryeqQKi0G9dG1AxwILY42HoWCLtM9psmb0.6bb5ea6cbe63c56b1b6eea3f8e8c52b98366506f&uuid=&state=_BLhILn4SxNIvvL0W45KSic66uCIg23qh8iRG98qeIXmeppkgUc0YMIVJNtoWDTa6Ctl47TPu5I&data=UlNrNmk5WktYejR0eWJFYk1LdmtxbVk1NTcwM1FvZzBVQ2Z1WjN4R0RaUjZIYlFfNUVibzR4QWJHQVgxNmVNcnFTYV9SVFZSNkdUdkRPSTB3clVWY2VRSGJJdGFWbm9jX2xnSnd4TzlEcEU&b64e=2&sign=f6df74a0ad9ffa050803cfa5bc8e5a15&keyno=0&cst=AiuY0DBWFJ7IXge4WdYJQa9gkHE_3kbi8vgu_AvOJ7tPW1TLY2MCG1SrcXpYvb3rmqDOpvIqTbbSSHjK7x8J132VA4e-CYEXu1nwKFieWJH6B6pAZmY4yITCEemdxFT21ZWtct6nx6r4ibvD_nOzlA&ref=orjY4mGPRjk5boDnW0uvlrrd71vZw9kp5uQozpMtKCXbzzOhnlhWfH-0pcCqFR2Te-lW_Kwf9PI0G_C6yi0ogDhwF0n47hpSezu6xISJgy1u79RSckFLPw&l10n=ru&cts=1522557025124&mc=5.22388205578" "Mozilla/5.0 (Windows NT 6.1) AppleWebKit/537.36 (KHTML, like Gecko) Chrome/63.0.3239.132 YaBrowser/18.2.0.284 Yowser/2.5 Safari/537.36"
37.144.49.19 - - [01/Apr/2018:07:46:11 +0300] "GET / HTTP/1.0" 200 4115 "http://yandex.ru/clck/jsredir?from=yandex.ru%3Bsearch%3Bweb%3B%3B&text=&etext=1744.fEON7KFnJaTRTj3Znq7iM7EukIgKzvdCUA_1apx6zQkaet2kKEJfMd0RUpoXcvtS.6ac5467824a861876ff0ad2b1214d464583df910&uuid=&state=_BLhILn4SxNIvvL0W45KSic66uCIg23qh8iRG98qeIXmeppkgUc0YHRNgn3KsbHJbmUkku86_mY&data=UlNrNmk5WktYejR0eWJFYk1LdmtxbVk1NTcwM1FvZzBVQ2Z1WjN4R0RaUk1fY0xleDIycXZZd2ctdVBzMllWMXVtVXYtemRVZmVaNDMzTVY2ZUlBYnNBam9ld2J1S0pDVHBPaVY5ZFlJYmc0a3VYVTBXZjhtQUUtZ1BOTEc0UkMyU3JsUzQtT0pxZ28xWGRmb0RpYXZvYWoxR0tENFhXRDBSRVBpWURmeWhfTjF3RFZ4TGFEdlItU05nQW55c3daUjRweS1NVzA3S183LWcxSFJzTF9OaVZuSjBKSEM4bDJDdzhXenlYSDhtRHFUekxFLWhaT3dEZ0xLazJQcXNLMlZXcENBdkJuV29QaWhRd2dZRWM3aEFqeDN2WGMyZlYwT3N4Z0d2ZDh1SEp4YzNJOXNwWWNVZnBFdHJyQnVaTDdGME1jSUdpZ3c4RzNuRWFpUjc3TlhrTnpXaDdzTmFuVEE1NGU5MXhyWGRfMmQ3RHBiY255eVFDWk9fY0k2ZHRPcmJQN0M4bUdydmc&b64e=2&sign=1006b924929687b361caaf2d851b11a1&keyno=0&cst=AiuY0DBWFJ7IXge4WdYJQSaYtyyri96Fmz4lWPG3n7CGa8_jZeiuu9Puy36E6gD8Uz52rfGc4LBJLeUntbvjREO7WxMq8K-Y-hGpcomQMj6thBXsBsr56mPniFHBcRLyC5-ouswwg8_JSTBI2WYi77sp3oAbIJwv&ref=orjY4mGPRjk5boDnW0uvlrrd71vZw9kp5uQozpMtKCVLVIUOk4qiEIgxdfKXvfxcGg7S69yHARaURyhFJ7fJ1HOa5NrQeIPAFgspe8gbzquXO4Ztrt6xyQ&l10n=ru&cts=1522557025125&mc=4.17023519447" "Mozilla/5.0 (Windows NT 6.1) AppleWebKit/537.36 (KHTML, like Gecko) Chrome/64.0.3282.186 Safari/537.36 OPR/51.0.2830.55 (Edition Yx)"
46.242.125.126 - - [01/Apr/2018:07:46:11 +0300] "GET /assets/unicom/css/animate.min.css HTTP/1.1" 200 5498 "http://gkeysystems.com/bindex" "Mozilla/5.0 (Windows NT 6.1) AppleWebKit/537.36 (KHTML, like Gecko) Chrome/63.0.3239.132 YaBrowser/18.2.0.284 Yowser/2.5 Safari/537.36"
109.63.227.42 - - [01/Apr/2018:07:46:11 +0300] "GET /assets/unicom/css/slick-theme.css HTTP/1.1" 200 1013 "http://gkeysystems.com/bindex" "Mozilla/5.0 (Windows NT 6.1) AppleWebKit/537.36 (KHTML, like Gecko) Chrome/63.0.3239.132 YaBrowser/18.2.0.284 Yowser/2.5 Safari/537.36"
46.242.125.126 - - [01/Apr/2018:07:46:11 +0300] "GET /assets/unicom/images/content/clients/coding_game_dark.png HTTP/1.1" 200 12487 "http://gkeysystems.com/bindex" "Mozilla/5.0 (Windows NT 6.1) AppleWebKit/537.36 (KHTML, like Gecko) Chrome/63.0.3239.132 YaBrowser/18.2.0.284 Yowser/2.5 Safari/537.36"
128.72.251.94 - - [01/Apr/2018:07:46:11 +0300] "GET //assets/frontend/js/modernizr.js HTTP/1.1" 200 6709 "http://gkeysystems.com/bindex" "Mozilla/5.0 (Windows NT 6.1) AppleWebKit/537.36 (KHTML, like Gecko) Chrome/63.0.3239.132 YaBrowser/18.2.0.284 Yowser/2.5 Safari/537.36"
46.242.125.126 - - [01/Apr/2018:07:46:11 +0300] "GET /assets/unicom/images/content/clients/sun_logo_dark.png HTTP/1.1" 200 8860 "http://gkeysystems.com/bindex" "Mozilla/5.0 (Windows NT 6.1) AppleWebKit/537.36 (KHTML, like Gecko) Chrome/63.0.3239.132 YaBrowser/18.2.0.284 Yowser/2.5 Safari/537.36"
46.242.125.126 - - [01/Apr/2018:07:46:11 +0300] "GET /assets/unicom/js/jquery.plugin.min.js HTTP/1.1" 200 1450 "http://gkeysystems.com/bindex" "Mozilla/5.0 (Windows NT 6.1) AppleWebKit/537.36 (KHTML, like Gecko) Chrome/63.0.3239.132 YaBrowser/18.2.0.284 Yowser/2.5 Safari/537.36"
37.144.49.19 - - [01/Apr/2018:07:46:11 +0300] "GET //assets/frontend/css/owl.carousel.css HTTP/1.1" 200 1395 "http://gkeysystems.com/" "Mozilla/5.0 (Windows NT 6.1) AppleWebKit/537.36 (KHTML, like Gecko) Chrome/64.0.3282.186 Safari/537.36 OPR/51.0.2830.55 (Edition Yx)"
128.72.251.94 - - [01/Apr/2018:07:46:11 +0300] "GET /assets/unicom/css/jquery.fancybox.css HTTP/1.1" 200 1639 "http://gkeysystems.com/bindex" "Mozilla/5.0 (Windows NT 6.1) AppleWebKit/537.36 (KHTML, like Gecko) Chrome/63.0.3239.132 YaBrowser/18.2.0.284 Yowser/2.5 Safari/537.36"
37.144.49.19 - - [01/Apr/2018:07:46:11 +0300] "GET //assets/frontend/css/reset.css HTTP/1.1" 200 619 "http://gkeysystems.com/" "Mozilla/5.0 (Windows NT 6.1) AppleWebKit/537.36 (KHTML, like Gecko) Chrome/64.0.3282.186 Safari/537.36 OPR/51.0.2830.55 (Edition Yx)"
109.63.227.42 - - [01/Apr/2018:07:46:11 +0300] "GET /assets/unicom/images/gk_white_trans_logo.png HTTP/1.1" 200 15654 "http://gkeysystems.com/bindex" "Mozilla/5.0 (Windows NT 6.1) AppleWebKit/537.36 (KHTML, like Gecko) Chrome/63.0.3239.132 YaBrowser/18.2.0.284 Yowser/2.5 Safari/537.36"
37.144.49.19 - - [01/Apr/2018:07:46:11 +0300] "GET //assets/frontend/css/cash-flow.css?1522557971 HTTP/1.1" 200 726 "http://gkeysystems.com/" "Mozilla/5.0 (Windows NT 6.1) AppleWebKit/537.36 (KHTML, like Gecko) Chrome/64.0.3282.186 Safari/537.36 OPR/51.0.2830.55 (Edition Yx)"
46.242.125.126 - - [01/Apr/2018:07:46:11 +0300] "GET /assets/unicom/images/content/clients/smart_prod_logo_dark.png HTTP/1.1" 200 12997 "http://gkeysystems.com/bindex" "Mozilla/5.0 (Windows NT 6.1) AppleWebKit/537.36 (KHTML, like Gecko) Chrome/63.0.3239.132 YaBrowser/18.2.0.284 Yowser/2.5 Safari/537.36"
128.72.251.94 - - [01/Apr/2018:07:46:11 +0300] "GET /assets/unicom/css/style_from_old.css HTTP/1.1" 200 2836 "http://gkeysystems.com/bindex" "Mozilla/5.0 (Windows NT 6.1) AppleWebKit/537.36 (KHTML, like Gecko) Chrome/63.0.3239.132 YaBrowser/18.2.0.284 Yowser/2.5 Safari/537.36"
128.72.251.94 - - [01/Apr/2018:07:46:11 +0300] "GET /assets/unicom/css/colors/blue/color.css HTTP/1.1" 200 3599 "http://gkeysystems.com/bindex" "Mozilla/5.0 (Windows NT 6.1) AppleWebKit/537.36 (KHTML, like Gecko) Chrome/63.0.3239.132 YaBrowser/18.2.0.284 Yowser/2.5 Safari/537.36"
37.144.49.19 - - [01/Apr/2018:07:46:11 +0300] "GET //assets/frontend/js/modernizr.js HTTP/1.1" 200 6709 "http://gkeysystems.com/" "Mozilla/5.0 (Windows NT 6.1) AppleWebKit/537.36 (KHTML, like Gecko) Chrome/64.0.3282.186 Safari/537.36 OPR/51.0.2830.55 (Edition Yx)"
46.242.125.126 - - [01/Apr/2018:07:46:11 +0300] "GET /assets/unicom/images/content/vis_mis_val/mission.jpg HTTP/1.1" 200 73113 "http://gkeysystems.com/bindex" "Mozilla/5.0 (Windows NT 6.1) AppleWebKit/537.36 (KHTML, like Gecko) Chrome/63.0.3239.132 YaBrowser/18.2.0.284 Yowser/2.5 Safari/537.36"
46.242.125.126 - - [01/Apr/2018:07:46:11 +0300] "GET /assets/unicom/images/content/landing/education/2.jpg HTTP/1.1" 200 90605 "http://gkeysystems.com/bindex" "Mozilla/5.0 (Windows NT 6.1) AppleWebKit/537.36 (KHTML, like Gecko) Chrome/63.0.3239.132 YaBrowser/18.2.0.284 Yowser/2.5 Safari/537.36"
109.63.227.42 - - [01/Apr/2018:07:46:11 +0300] "GET /assets/unicom/js/parallax.min.js HTTP/1.1" 200 2298 "http://gkeysystems.com/bindex" "Mozilla/5.0 (Windows NT 6.1) AppleWebKit/537.36 (KHTML, like Gecko) Chrome/63.0.3239.132 YaBrowser/18.2.0.284 Yowser/2.5 Safari/537.36"
109.63.227.42 - - [01/Apr/2018:07:46:11 +0300] "GET /assets/unicom/css/style.css HTTP/1.1" 200 66221 "http://gkeysystems.com/bindex" "Mozilla/5.0 (Windows NT 6.1) AppleWebKit/537.36 (KHTML, like Gecko) Chrome/63.0.3239.132 YaBrowser/18.2.0.284 Yowser/2.5 Safari/537.36"
37.144.49.19 - - [01/Apr/2018:07:46:11 +0300] "GET //assets/frontend/img/arrow-down.png HTTP/1.1" 200 2219 "http://gkeysystems.com/" "Mozilla/5.0 (Windows NT 6.1) AppleWebKit/537.36 (KHTML, like Gecko) Chrome/64.0.3282.186 Safari/537.36 OPR/51.0.2830.55 (Edition Yx)"
128.72.251.94 - - [01/Apr/2018:07:46:11 +0300] "GET /assets/unicom/images/content/clients/symotec_logo_dark.png HTTP/1.1" 200 11760 "http://gkeysystems.com/bindex" "Mozilla/5.0 (Windows NT 6.1) AppleWebKit/537.36 (KHTML, like Gecko) Chrome/63.0.3239.132 YaBrowser/18.2.0.284 Yowser/2.5 Safari/537.36"
128.72.251.94 - - [01/Apr/2018:07:46:11 +0300] "GET /assets/unicom/css/jquery.scrollbar.css HTTP/1.1" 200 934 "http://gkeysystems.com/bindex" "Mozilla/5.0 (Windows NT 6.1) AppleWebKit/537.36 (KHTML, like Gecko) Chrome/63.0.3239.132 YaBrowser/18.2.0.284 Yowser/2.5 Safari/537.36"
37.144.49.19 - - [01/Apr/2018:07:46:11 +0300] "GET //assets/frontend/css/style.css?1522557971 HTTP/1.1" 200 6196 "http://gkeysystems.com/" "Mozilla/5.0 (Windows NT 6.1) AppleWebKit/537.36 (KHTML, like Gecko) Chrome/64.0.3282.186 Safari/537.36 OPR/51.0.2830.55 (Edition Yx)"
128.72.251.94 - - [01/Apr/2018:07:46:11 +0300] "GET /assets/unicom/images/content/clients/webex_logo_dark.png HTTP/1.1" 200 5976 "http://gkeysystems.com/bindex" "Mozilla/5.0 (Windows NT 6.1) AppleWebKit/537.36 (KHTML, like Gecko) Chrome/63.0.3239.132 YaBrowser/18.2.0.284 Yowser/2.5 Safari/537.36"
128.72.251.94 - - [01/Apr/2018:07:46:12 +0300] "GET /assets/unicom/css/ionicons.min.css HTTP/1.1" 200 10164 "http://gkeysystems.com/bindex" "Mozilla/5.0 (Windows NT 6.1) AppleWebKit/537.36 (KHTML, like Gecko) Chrome/63.0.3239.132 YaBrowser/18.2.0.284 Yowser/2.5 Safari/537.36"
46.242.125.126 - - [01/Apr/2018:07:46:12 +0300] "GET /assets/frontend/js/jquery.base64.js HTTP/1.1" 200 2388 "http://gkeysystems.com/bindex" "Mozilla/5.0 (Windows NT 6.1) AppleWebKit/537.36 (KHTML, like Gecko) Chrome/63.0.3239.132 YaBrowser/18.2.0.284 Yowser/2.5 Safari/537.36"
109.63.227.42 - - [01/Apr/2018:07:46:12 +0300] "GET //assets/frontend/js/woco.accordion.min.js HTTP/1.1" 200 614 "http://gkeysystems.com/bindex" "Mozilla/5.0 (Windows NT 6.1) AppleWebKit/537.36 (KHTML, like Gecko) Chrome/63.0.3239.132 YaBrowser/18.2.0.284 Yowser/2.5 Safari/537.36"
128.72.251.94 - - [01/Apr/2018:07:46:12 +0300] "GET /assets/unicom/images/content/clients/marinetrans_logo_dark.png HTTP/1.1" 200 9666 "http://gkeysystems.com/bindex" "Mozilla/5.0 (Windows NT 6.1) AppleWebKit/537.36 (KHTML, like Gecko) Chrome/63.0.3239.132 YaBrowser/18.2.0.284 Yowser/2.5 Safari/537.36"
46.242.125.126 - - [01/Apr/2018:07:46:12 +0300] "GET /assets/unicom/js/gmaps.js HTTP/1.1" 200 14238 "http://gkeysystems.com/bindex" "Mozilla/5.0 (Windows NT 6.1) AppleWebKit/537.36 (KHTML, like Gecko) Chrome/63.0.3239.132 YaBrowser/18.2.0.284 Yowser/2.5 Safari/537.36"
128.72.251.94 - - [01/Apr/2018:07:46:12 +0300] "GET /assets/unicom/images/content/clients/mush_logo_dark.png HTTP/1.1" 200 11916 "http://gkeysystems.com/bindex" "Mozilla/5.0 (Windows NT 6.1) AppleWebKit/537.36 (KHTML, like Gecko) Chrome/63.0.3239.132 YaBrowser/18.2.0.284 Yowser/2.5 Safari/537.36"
37.144.49.19 - - [01/Apr/2018:07:46:12 +0300] "GET /assets/frontend/js/tableExport.js HTTP/1.1" 200 2999 "http://gkeysystems.com/" "Mozilla/5.0 (Windows NT 6.1) AppleWebKit/537.36 (KHTML, like Gecko) Chrome/64.0.3282.186 Safari/537.36 OPR/51.0.2830.55 (Edition Yx)"
128.72.251.94 - - [01/Apr/2018:07:46:12 +0300] "GET /assets/unicom/js/jquery-migrate-1.4.1.min.js HTTP/1.1" 200 4319 "http://gkeysystems.com/bindex" "Mozilla/5.0 (Windows NT 6.1) AppleWebKit/537.36 (KHTML, like Gecko) Chrome/63.0.3239.132 YaBrowser/18.2.0.284 Yowser/2.5 Safari/537.36"
37.144.49.19 - - [01/Apr/2018:07:46:12 +0300] "GET //assets/frontend/img/login-arrow.svg HTTP/1.1" 200 1350 "http://gkeysystems.com/" "Mozilla/5.0 (Windows NT 6.1) AppleWebKit/537.36 (KHTML, like Gecko) Chrome/64.0.3282.186 Safari/537.36 OPR/51.0.2830.55 (Edition Yx)"
109.63.227.42 - - [01/Apr/2018:07:46:12 +0300] "GET /assets/frontend/js/jspdf/libs/sprintf.js HTTP/1.1" 200 2048 "http://gkeysystems.com/bindex" "Mozilla/5.0 (Windows NT 6.1) AppleWebKit/537.36 (KHTML, like Gecko) Chrome/63.0.3239.132 YaBrowser/18.2.0.284 Yowser/2.5 Safari/537.36"
37.144.49.19 - - [01/Apr/2018:07:46:12 +0300] "GET /assets/frontend/js/jspdf/libs/sprintf.js HTTP/1.1" 200 2048 "http://gkeysystems.com/" "Mozilla/5.0 (Windows NT 6.1) AppleWebKit/537.36 (KHTML, like Gecko) Chrome/64.0.3282.186 Safari/537.36 OPR/51.0.2830.55 (Edition Yx)"
128.72.251.94 - - [01/Apr/2018:07:46:12 +0300] "GET /assets/unicom/js/response.min.js HTTP/1.1" 200 4002 "http://gkeysystems.com/bindex" "Mozilla/5.0 (Windows NT 6.1) AppleWebKit/537.36 (KHTML, like Gecko) Chrome/63.0.3239.132 YaBrowser/18.2.0.284 Yowser/2.5 Safari/537.36"
37.144.49.19 - - [01/Apr/2018:07:46:12 +0300] "GET /assets/frontend/js/jspdf/jspdf.js HTTP/1.1" 200 2697 "http://gkeysystems.com/" "Mozilla/5.0 (Windows NT 6.1) AppleWebKit/537.36 (KHTML, like Gecko) Chrome/64.0.3282.186 Safari/537.36 OPR/51.0.2830.55 (Edition Yx)"
